Usage: cli [OPTIONS]                                                           
                                                                                
 My amazing tool does [black on blue] all the things [/].                       
 This is a [u]minimal example[/] based on documentation from the                
 [link=https://click.palletsprojects.com/]'click' package[/].                   
                                                                                
 [i]You can try using --help at the top level and also for specific group       
 subcommands.[/]                                                                
                                                                                
â•­â”€ Options â”€â”€â”€â”€â”€â”€â”€â”€â”€â”€â”€â”€â”€â”€â”€â”€â”€â”€â”€â”€â”€â”€â”€â”€â”€â”€â”€â”€â”€â”€â”€â”€â”€â”€â”€â”€â”€â”€â”€â”€â”€â”€â”€â”€â”€â”€â”€â”€â”€â”€â”€â”€â”€â”€â”€â”€â”€â”€â”€â”€â”€â”€â”€â”€â”€â”€â”€â”€â•®
â”‚                                                                              â”‚
â”‚  --input      Input [magenta bold]file[/]. [dim][default: a custom           â”‚
â”‚               default][/]                                                    â”‚
â”‚               (PATH)                                                         â”‚
â”‚                                                                              â”‚
â”‚  --type       Type of file to sync                                           â”‚
â”‚               (TEXT)                                                         â”‚
â”‚               [default: files]                                               â”‚
â”‚                                                                              â”‚
â”‚  --all        Sync all the things?                                           â”‚
â”‚                                                                              â”‚
â”‚  --debug      Enable ðŸ‘‰ [yellow]debug mode[/] ðŸ‘ˆ                             â”‚
â”‚                                                                              â”‚
â”‚  --help       Show this message and exit.                                    â”‚
â”‚                                                                              â”‚
â•°â”€â”€â”€â”€â”€â”€â”€â”€â”€â”€â”€â”€â”€â”€â”€â”€â”€â”€â”€â”€â”€â”€â”€â”€â”€â”€â”€â”€â”€â”€â”€â”€â”€â”€â”€â”€â”€â”€â”€â”€â”€â”€â”€â”€â”€â”€â”€â”€â”€â”€â”€â”€â”€â”€â”€â”€â”€â”€â”€â”€â”€â”€â”€â”€â”€â”€â”€â”€â”€â”€â”€â”€â”€â”€â”€â”€â”€â”€â•¯