Usage: cli [OPTIONS] COMMAND [ARGS]...                                         
                                                                                
 My amazing tool does all the things.                                           
 This is a minimal example based on documentation from the 'click' package.     
                                                                                
 You can try using --help at the top level and also for specific subcommands.   
                                                                                
╭─ Options ────────────────────────────────────────────────────────────────────╮
│                                                                              │
│  *   --type                       Type of file to sync                       │
│                                   (TEXT)                                     │
│                                   [default: files]                           │
│                                   [required]                                 │
│                                                                              │
│      --debug/--no-debug   -d/-n   Show the debug log messages                │
│                                   [default: no-debug]                        │
│                                                                              │
│      --version                    Show the version and exit.                 │
│                                                                              │
│      --help               -h      Show this message and exit.                │
│                                                                              │
╰──────────────────────────────────────────────────────────────────────────────╯
╭─ Commands ───────────────────────────────────────────────────────────────────╮
│ ╔══════════╦═══════════════════════════════════════════════════════════════╗ │
│ ║ auth     ║ Authenticate the app.                                         ║ │
│ ╠══════════╬═══════════════════════════════════════════════════════════════╣ │
│ ║ config   ║ Set up the configuration.                                     ║ │
│ ╠══════════╬═══════════════════════════════════════════════════════════════╣ │
│ ║ download ║ Pretend to download some files from somewhere.                ║ │
│ ╠══════════╬═══════════════════════════════════════════════════════════════╣ │
│ ║ sync     ║ Synchronise all your files between two places.                ║ │
│ ╚══════════╩═══════════════════════════════════════════════════════════════╝ │
╰──────────────────────────────────────────────────────────────────────────────╯