Usage: cli [OPTIONS] COMMAND [ARGS]...                                         
                                                                                
╭─ Options ────────────────────────────────────────────────────────────────────╮
│                                                                              │
│  --debug/--no-debug                                                          │
│                                                                              │
│  --help                  Show this message and exit.                         │
│                                                                              │
╰──────────────────────────────────────────────────────────────────────────────╯
╭─ Commands ───────────────────────────────────────────────────────────────────╮
│ ╔═══════╦══════════════════════════════════════════════════════════════════╗ │
│ ║ greet ║                                                                  ║ │
│ ╚═══════╩══════════════════════════════════════════════════════════════════╝ │
╰──────────────────────────────────────────────────────────────────────────────╯